// Vitest Snapshot v1, https://vitest.dev/guide/snapshot.html

exports[`рендерится кнопка Save 1`] = `
<button
  class="MuiButtonBase-root MuiButton-root MuiButton-contained MuiButton-containedPrimary MuiButton-sizeMedium MuiButton-containedSizeMedium MuiButton-colorPrimary MuiButton-root MuiButton-contained MuiButton-containedPrimary MuiButton-sizeMedium MuiButton-containedSizeMedium MuiButton-colorPrimary css-1ngx1je-MuiButtonBase-root-MuiButton-root"
  tabindex="0"
  type="button"
>
  Save
</button>
`;
